\BOOKMARK [0][-]{chapter*.1}{\376\377\000D\000e\000d\000i\000c\000a\000t\000o\000r\000i\000a}{}% 1
\BOOKMARK [0][-]{chapter*.2}{\376\377\000A\000g\000r\000a\000d\000e\000c\000i\000m\000i\000e\000n\000t\000o\000s}{}% 2
\BOOKMARK [0][-]{chapter*.3}{\376\377\000R\000e\000s\000u\000m\000e\000n}{}% 3
\BOOKMARK [0][-]{chapter*.4}{\376\377\000A\000b\000s\000t\000r\000a\000c\000t}{}% 4
\BOOKMARK [0][-]{chapter.1}{\376\377\0001\000\040\000I\000n\000t\000r\000o\000d\000u\000c\000c\000i\000\363\000n}{}% 5
\BOOKMARK [1][-]{section.1.1}{\376\377\0001\000.\0001\000\040\000G\000e\000n\000e\000r\000a\000l\000i\000d\000a\000d\000e\000s}{chapter.1}% 6
\BOOKMARK [1][-]{section.1.2}{\376\377\0001\000.\0002\000\040\000M\000o\000t\000i\000v\000a\000c\000i\000\363\000n}{chapter.1}% 7
\BOOKMARK [1][-]{section.1.3}{\376\377\0001\000.\0003\000\040\000P\000l\000a\000n\000t\000e\000a\000m\000i\000e\000n\000t\000o\000\040\000d\000e\000l\000\040\000p\000r\000o\000b\000l\000e\000m\000a}{chapter.1}% 8
\BOOKMARK [2][-]{subsection.1.3.1}{\376\377\0001\000.\0003\000.\0001\000\040\000D\000e\000s\000c\000r\000i\000p\000c\000i\000\363\000n\000\040\000d\000e\000l\000\040\000p\000r\000o\000b\000l\000e\000m\000a}{section.1.3}% 9
\BOOKMARK [2][-]{subsection.1.3.2}{\376\377\0001\000.\0003\000.\0002\000\040\000P\000r\000e\000g\000u\000n\000t\000a\000\040\000d\000e\000\040\000i\000n\000v\000e\000s\000t\000i\000g\000a\000c\000i\000\363\000n}{section.1.3}% 10
\BOOKMARK [1][-]{section.1.4}{\376\377\0001\000.\0004\000\040\000J\000u\000s\000t\000i\000f\000i\000c\000a\000c\000i\000\363\000n}{chapter.1}% 11
\BOOKMARK [2][-]{subsection.1.4.1}{\376\377\0001\000.\0004\000.\0001\000\040\000\277\000P\000o\000r\000\040\000q\000u\000\351\000\040\000s\000e\000\040\000n\000e\000c\000e\000s\000i\000t\000a\000\040\000u\000n\000\040\000p\000r\000o\000c\000e\000s\000o\000\040\000p\000a\000r\000a\000\040\000e\000l\000\040\000e\000n\000t\000e\000n\000d\000i\000m\000i\000e\000n\000t\000o\000\040\000c\000o\000m\000p\000a\000r\000t\000i\000d\000o\000\040\000e\000n\000\040\000I\000R\000?}{section.1.4}% 12
\BOOKMARK [2][-]{subsection.1.4.2}{\376\377\0001\000.\0004\000.\0002\000\040\000\277\000P\000o\000r\000\040\000q\000u\000\351\000\040\000e\000l\000i\000c\000i\000t\000a\000c\000i\000\363\000n\000,\000\040\000e\000s\000p\000e\000c\000i\000f\000i\000c\000a\000c\000i\000\363\000n\000\040\000y\000\040\000v\000a\000l\000i\000d\000a\000c\000i\000\363\000n\000?}{section.1.4}% 13
\BOOKMARK [2][-]{subsection.1.4.3}{\376\377\0001\000.\0004\000.\0003\000\040\000\277\000P\000o\000r\000\040\000q\000u\000\351\000\040\000u\000s\000a\000r\000\040\000T\000H\000U\000N\000D\000E\000R\000S\000?}{section.1.4}% 14
\BOOKMARK [2][-]{subsection.1.4.4}{\376\377\0001\000.\0004\000.\0004\000\040\000\277\000P\000o\000r\000\040\000q\000u\000\351\000\040\000v\000a\000l\000i\000d\000a\000r\000\040\000e\000n\000\040\000u\000n\000\040\000c\000o\000n\000t\000e\000x\000t\000o\000\040\000a\000g\000r\000\355\000c\000o\000l\000a\000?}{section.1.4}% 15
\BOOKMARK [1][-]{section.1.5}{\376\377\0001\000.\0005\000\040\000O\000b\000j\000e\000t\000i\000v\000o\000s}{chapter.1}% 16
\BOOKMARK [2][-]{subsection.1.5.1}{\376\377\0001\000.\0005\000.\0001\000\040\000O\000b\000j\000e\000t\000i\000v\000o\000\040\000g\000e\000n\000e\000r\000a\000l}{section.1.5}% 17
\BOOKMARK [2][-]{subsection.1.5.2}{\376\377\0001\000.\0005\000.\0002\000\040\000O\000b\000j\000e\000t\000i\000v\000o\000s\000\040\000e\000s\000p\000e\000c\000\355\000f\000i\000c\000o\000s}{section.1.5}% 18
\BOOKMARK [1][-]{section.1.6}{\376\377\0001\000.\0006\000\040\000M\000e\000t\000o\000d\000o\000l\000o\000g\000\355\000a\000\040\000d\000e\000\040\000l\000a\000\040\000i\000n\000v\000e\000s\000t\000i\000g\000a\000c\000i\000\363\000n}{chapter.1}% 19
\BOOKMARK [1][-]{section.1.7}{\376\377\0001\000.\0007\000\040\000A\000p\000o\000r\000t\000e\000s\000\040\000d\000e\000l\000\040\000p\000r\000o\000y\000e\000c\000t\000o}{chapter.1}% 20
\BOOKMARK [1][-]{section.1.8}{\376\377\0001\000.\0008\000\040\000O\000r\000g\000a\000n\000i\000z\000a\000c\000i\000\363\000n\000\040\000d\000e\000l\000\040\000d\000o\000c\000u\000m\000e\000n\000t\000o}{chapter.1}% 21
\BOOKMARK [0][-]{chapter.2}{\376\377\0002\000\040\000M\000a\000r\000c\000o\000\040\000c\000o\000n\000c\000e\000p\000t\000u\000a\000l\000\040\000y\000\040\000e\000s\000t\000a\000d\000o\000\040\000d\000e\000l\000\040\000a\000r\000t\000e}{}% 22
\BOOKMARK [1][-]{section.2.1}{\376\377\0002\000.\0001\000\040\000G\000e\000n\000e\000r\000a\000l\000i\000d\000a\000d\000e\000s}{chapter.2}% 23
\BOOKMARK [1][-]{section.2.2}{\376\377\0002\000.\0002\000\040\000M\000a\000r\000c\000o\000\040\000t\000e\000\363\000r\000i\000c\000o}{chapter.2}% 24
\BOOKMARK [2][-]{subsection.2.2.1}{\376\377\0002\000.\0002\000.\0001\000\040\000I\000n\000g\000e\000n\000i\000e\000r\000\355\000a\000\040\000d\000e\000\040\000r\000e\000q\000u\000i\000s\000i\000t\000o\000s}{section.2.2}% 25
\BOOKMARK [2][-]{subsection.2.2.2}{\376\377\0002\000.\0002\000.\0002\000\040\000E\000l\000i\000c\000i\000t\000a\000c\000i\000\363\000n}{section.2.2}% 26
\BOOKMARK [2][-]{subsection.2.2.3}{\376\377\0002\000.\0002\000.\0003\000\040\000E\000s\000p\000e\000c\000i\000f\000i\000c\000a\000c\000i\000\363\000n}{section.2.2}% 27
\BOOKMARK [2][-]{subsection.2.2.4}{\376\377\0002\000.\0002\000.\0004\000\040\000V\000a\000l\000i\000d\000a\000c\000i\000\363\000n}{section.2.2}% 28
\BOOKMARK [2][-]{subsection.2.2.5}{\376\377\0002\000.\0002\000.\0005\000\040\000T\000r\000a\000b\000a\000j\000o\000\040\000c\000o\000l\000a\000b\000o\000r\000a\000t\000i\000v\000o}{section.2.2}% 29
\BOOKMARK [2][-]{subsection.2.2.6}{\376\377\0002\000.\0002\000.\0006\000\040\000E\000n\000t\000e\000n\000d\000i\000m\000i\000e\000n\000t\000o\000\040\000c\000o\000m\000p\000a\000r\000t\000i\000d\000o}{section.2.2}% 30
\BOOKMARK [2][-]{subsection.2.2.7}{\376\377\0002\000.\0002\000.\0007\000\040\000G\000o\000a\000l\000-\000Q\000u\000e\000s\000t\000i\000o\000n\000-\000M\000e\000t\000r\000i\000c\000\040\000\050\000G\000Q\000M\000\051}{section.2.2}% 31
\BOOKMARK [2][-]{subsection.2.2.8}{\376\377\0002\000.\0002\000.\0008\000\040\000T\000H\000U\000N\000D\000E\000R\000S\000\040\000c\000o\000m\000o\000\040\000p\000r\000o\000c\000e\000s\000o\000\040\000b\000a\000s\000e}{section.2.2}% 32
\BOOKMARK [2][-]{subsection.2.2.9}{\376\377\0002\000.\0002\000.\0009\000\040\000A\000d\000a\000p\000t\000a\000c\000i\000\363\000n\000\040\000d\000e\000\040\000p\000r\000o\000c\000e\000s\000o\000s}{section.2.2}% 33
\BOOKMARK [1][-]{section.2.3}{\376\377\0002\000.\0003\000\040\000T\000r\000a\000b\000a\000j\000o\000s\000\040\000r\000e\000l\000a\000c\000i\000o\000n\000a\000d\000o\000s}{chapter.2}% 34
\BOOKMARK [2][-]{subsection.2.3.1}{\376\377\0002\000.\0003\000.\0001\000\040\000I\000n\000g\000e\000n\000i\000e\000r\000\355\000a\000\040\000d\000e\000\040\000r\000e\000q\000u\000i\000s\000i\000t\000o\000s\000\040\000y\000\040\000e\000n\000t\000e\000n\000d\000i\000m\000i\000e\000n\000t\000o\000\040\000c\000o\000m\000p\000a\000r\000t\000i\000d\000o}{section.2.3}% 35
\BOOKMARK [2][-]{subsection.2.3.2}{\376\377\0002\000.\0003\000.\0002\000\040\000M\000e\000d\000i\000c\000i\000\363\000n\000\040\000d\000e\000l\000\040\000e\000n\000t\000e\000n\000d\000i\000m\000i\000e\000n\000t\000o\000\040\000e\000n\000\040\000e\000l\000\040\000c\000i\000c\000l\000o\000\040\000d\000e\000\040\000v\000i\000d\000a\000\040\000d\000e\000l\000\040\000d\000e\000s\000a\000r\000r\000o\000l\000l\000o}{section.2.3}% 36
\BOOKMARK [2][-]{subsection.2.3.3}{\376\377\0002\000.\0003\000.\0003\000\040\000C\000o\000n\000s\000t\000r\000u\000c\000c\000i\000\363\000n\000\040\000d\000e\000l\000\040\000e\000n\000t\000e\000n\000d\000i\000m\000i\000e\000n\000t\000o\000\040\000e\000n\000\040\000m\000e\000t\000o\000d\000o\000l\000o\000g\000\355\000a\000s\000\040\000d\000e\000\040\000d\000e\000s\000a\000r\000r\000o\000l\000l\000o}{section.2.3}% 37
\BOOKMARK [2][-]{subsection.2.3.4}{\376\377\0002\000.\0003\000.\0004\000\040\000C\000o\000l\000a\000b\000o\000r\000a\000c\000i\000\363\000n\000\040\000d\000i\000s\000t\000r\000i\000b\000u\000i\000d\000a\000\040\000y\000\040\000f\000a\000c\000t\000o\000r\000e\000s\000\040\000c\000u\000l\000t\000u\000r\000a\000l\000e\000s}{section.2.3}% 38
\BOOKMARK [2][-]{subsection.2.3.5}{\376\377\0002\000.\0003\000.\0005\000\040\000A\000d\000a\000p\000t\000a\000c\000i\000\363\000n\000\040\000d\000e\000\040\000p\000r\000o\000c\000e\000s\000o\000s\000\040\000y\000\040\000e\000x\000p\000e\000r\000i\000e\000n\000c\000i\000a\000s\000\040\000c\000o\000n\000t\000e\000x\000t\000u\000a\000l\000e\000s}{section.2.3}% 39
\BOOKMARK [1][-]{section.2.4}{\376\377\0002\000.\0004\000\040\000R\000e\000v\000i\000s\000i\000\363\000n\000\040\000s\000i\000s\000t\000e\000m\000\341\000t\000i\000c\000a\000\040\000d\000e\000\040\000l\000a\000\040\000l\000i\000t\000e\000r\000a\000t\000u\000r\000a}{chapter.2}% 40
\BOOKMARK [2][-]{subsection.2.4.1}{\376\377\0002\000.\0004\000.\0001\000\040\000P\000r\000o\000t\000o\000c\000o\000l\000o\000\040\000y\000\040\000p\000r\000o\000c\000e\000s\000o\000\040\000d\000e\000\040\000r\000e\000v\000i\000s\000i\000\363\000n}{section.2.4}% 41
\BOOKMARK [2][-]{subsection.2.4.2}{\376\377\0002\000.\0004\000.\0002\000\040\000P\000r\000e\000g\000u\000n\000t\000a\000s\000\040\000d\000e\000\040\000i\000n\000v\000e\000s\000t\000i\000g\000a\000c\000i\000\363\000n}{section.2.4}% 42
\BOOKMARK [2][-]{subsection.2.4.3}{\376\377\0002\000.\0004\000.\0003\000\040\000E\000s\000t\000r\000a\000t\000e\000g\000i\000a\000\040\000d\000e\000\040\000b\000\372\000s\000q\000u\000e\000d\000a}{section.2.4}% 43
\BOOKMARK [2][-]{subsection.2.4.4}{\376\377\0002\000.\0004\000.\0004\000\040\000F\000u\000e\000n\000t\000e\000s\000\040\000d\000e\000\040\000i\000n\000f\000o\000r\000m\000a\000c\000i\000\363\000n}{section.2.4}% 44
\BOOKMARK [2][-]{subsection.2.4.5}{\376\377\0002\000.\0004\000.\0005\000\040\000F\000i\000l\000t\000r\000o\000s\000\040\000d\000e\000\040\000b\000\372\000s\000q\000u\000e\000d\000a}{section.2.4}% 45
\BOOKMARK [2][-]{subsection.2.4.6}{\376\377\0002\000.\0004\000.\0006\000\040\000C\000r\000i\000t\000e\000r\000i\000o\000s\000\040\000d\000e\000\040\000i\000n\000c\000l\000u\000s\000i\000\363\000n\000\040\000y\000\040\000e\000x\000c\000l\000u\000s\000i\000\363\000n}{section.2.4}% 46
\BOOKMARK [2][-]{subsection.2.4.7}{\376\377\0002\000.\0004\000.\0007\000\040\000R\000e\000s\000u\000l\000t\000a\000d\000o\000s\000\040\000d\000e\000l\000\040\000p\000r\000o\000c\000e\000s\000o\000\040\000d\000e\000\040\000s\000e\000l\000e\000c\000c\000i\000\363\000n}{section.2.4}% 47
\BOOKMARK [2][-]{subsection.2.4.8}{\376\377\0002\000.\0004\000.\0008\000\040\000A\000n\000\341\000l\000i\000s\000i\000s\000\040\000p\000o\000r\000\040\000f\000u\000e\000n\000t\000e\000\040\000d\000e\000\040\000i\000n\000f\000o\000r\000m\000a\000c\000i\000\363\000n}{section.2.4}% 48
\BOOKMARK [2][-]{subsection.2.4.9}{\376\377\0002\000.\0004\000.\0009\000\040\000D\000i\000s\000t\000r\000i\000b\000u\000c\000i\000\363\000n\000\040\000t\000e\000m\000p\000o\000r\000a\000l\000\040\000d\000e\000\040\000l\000a\000s\000\040\000p\000u\000b\000l\000i\000c\000a\000c\000i\000o\000n\000e\000s}{section.2.4}% 49
\BOOKMARK [2][-]{subsection.2.4.10}{\376\377\0002\000.\0004\000.\0001\0000\000\040\000R\000e\000s\000u\000l\000t\000a\000d\000o\000s\000\040\000p\000o\000r\000\040\000p\000r\000e\000g\000u\000n\000t\000a\000\040\000d\000e\000\040\000i\000n\000v\000e\000s\000t\000i\000g\000a\000c\000i\000\363\000n}{section.2.4}% 50
\BOOKMARK [2][-]{subsection.2.4.11}{\376\377\0002\000.\0004\000.\0001\0001\000\040\000A\000m\000e\000n\000a\000z\000a\000s\000\040\000a\000\040\000l\000a\000\040\000v\000a\000l\000i\000d\000e\000z}{section.2.4}% 51
\BOOKMARK [2][-]{subsection.2.4.12}{\376\377\0002\000.\0004\000.\0001\0002\000\040\000S\000\355\000n\000t\000e\000s\000i\000s\000\040\000d\000e\000\040\000h\000a\000l\000l\000a\000z\000g\000o\000s}{section.2.4}% 52
\BOOKMARK [2][-]{subsection.2.4.13}{\376\377\0002\000.\0004\000.\0001\0003\000\040\000B\000r\000e\000c\000h\000a\000\040\000d\000e\000\040\000i\000n\000v\000e\000s\000t\000i\000g\000a\000c\000i\000\363\000n}{section.2.4}% 53
\BOOKMARK [0][-]{chapter.3}{\376\377\0003\000\040\000C\000a\000r\000a\000c\000t\000e\000r\000i\000z\000a\000c\000i\000\363\000n\000\040\000d\000e\000\040\000l\000a\000s\000\040\000a\000c\000t\000i\000v\000i\000d\000a\000d\000e\000s\000\040\000d\000e\000\040\000i\000n\000g\000e\000n\000i\000e\000r\000\355\000a\000\040\000d\000e\000\040\000r\000e\000q\000u\000i\000s\000i\000t\000o\000s}{}% 54
\BOOKMARK [1][-]{section.3.1}{\376\377\0003\000.\0001\000\040\000G\000e\000n\000e\000r\000a\000l\000i\000d\000a\000d\000e\000s}{chapter.3}% 55
\BOOKMARK [1][-]{section.3.2}{\376\377\0003\000.\0002\000\040\000E\000l\000i\000c\000i\000t\000a\000c\000i\000\363\000n\000\040\000d\000e\000\040\000r\000e\000q\000u\000i\000s\000i\000t\000o\000s}{chapter.3}% 56
\BOOKMARK [2][-]{subsection.3.2.1}{\376\377\0003\000.\0002\000.\0001\000\040\000P\000r\000o\000p\000\363\000s\000i\000t\000o}{section.3.2}% 57
\BOOKMARK [2][-]{subsection.3.2.2}{\376\377\0003\000.\0002\000.\0002\000\040\000A\000l\000c\000a\000n\000c\000e\000\040\000y\000\040\000e\000n\000t\000r\000a\000d\000a\000s}{section.3.2}% 58
\BOOKMARK [2][-]{subsection.3.2.3}{\376\377\0003\000.\0002\000.\0003\000\040\000T\000a\000r\000e\000a\000s\000,\000\040\000t\000\351\000c\000n\000i\000c\000a\000s\000\040\000y\000\040\000p\000r\000o\000d\000u\000c\000t\000o\000s}{section.3.2}% 59
\BOOKMARK [2][-]{subsection.3.2.4}{\376\377\0003\000.\0002\000.\0004\000\040\000R\000o\000l\000e\000s\000\040\000i\000n\000v\000o\000l\000u\000c\000r\000a\000d\000o\000s}{section.3.2}% 60
\BOOKMARK [2][-]{subsection.3.2.5}{\376\377\0003\000.\0002\000.\0005\000\040\000A\000r\000t\000e\000f\000a\000c\000t\000o\000s\000\040\000y\000\040\000p\000r\000o\000d\000u\000c\000t\000o\000s\000\040\000d\000e\000\040\000t\000r\000a\000b\000a\000j\000o}{section.3.2}% 61
\BOOKMARK [2][-]{subsection.3.2.6}{\376\377\0003\000.\0002\000.\0006\000\040\000C\000r\000i\000t\000e\000r\000i\000o\000s\000\040\000d\000e\000\040\000c\000a\000l\000i\000d\000a\000d\000\040\000y\000\040\000s\000a\000l\000i\000d\000a}{section.3.2}% 62
\BOOKMARK [1][-]{section.3.3}{\376\377\0003\000.\0003\000\040\000E\000s\000p\000e\000c\000i\000f\000i\000c\000a\000c\000i\000\363\000n\000\040\000d\000e\000\040\000r\000e\000q\000u\000i\000s\000i\000t\000o\000s}{chapter.3}% 63
\BOOKMARK [2][-]{subsection.3.3.1}{\376\377\0003\000.\0003\000.\0001\000\040\000P\000r\000o\000p\000\363\000s\000i\000t\000o}{section.3.3}% 64
\BOOKMARK [2][-]{subsection.3.3.2}{\376\377\0003\000.\0003\000.\0002\000\040\000A\000l\000c\000a\000n\000c\000e\000\040\000y\000\040\000e\000n\000t\000r\000a\000d\000a\000s}{section.3.3}% 65
\BOOKMARK [2][-]{subsection.3.3.3}{\376\377\0003\000.\0003\000.\0003\000\040\000T\000a\000r\000e\000a\000s\000\040\000q\000u\000e\000\040\000c\000a\000r\000a\000c\000t\000e\000r\000i\000z\000a\000n\000\040\000l\000a\000\040\000a\000c\000t\000i\000v\000i\000d\000a\000d}{section.3.3}% 66
\BOOKMARK [2][-]{subsection.3.3.4}{\376\377\0003\000.\0003\000.\0004\000\040\000R\000e\000g\000l\000a\000s\000\040\000d\000e\000\040\000c\000a\000l\000i\000d\000a\000d\000\040\000d\000e\000l\000\040\000r\000e\000q\000u\000i\000s\000i\000t\000o\000\040\000y\000\040\000d\000e\000l\000\040\000c\000o\000n\000j\000u\000n\000t\000o}{section.3.3}% 67
\BOOKMARK [2][-]{subsection.3.3.5}{\376\377\0003\000.\0003\000.\0005\000\040\000C\000r\000i\000t\000e\000r\000i\000o\000s\000\040\000d\000e\000\040\000l\000e\000n\000g\000u\000a\000j\000e\000\040\000y\000\040\000e\000s\000t\000i\000l\000o}{section.3.3}% 68
\BOOKMARK [2][-]{subsection.3.3.6}{\376\377\0003\000.\0003\000.\0006\000\040\000R\000o\000l\000e\000s\000\040\000i\000n\000v\000o\000l\000u\000c\000r\000a\000d\000o\000s}{section.3.3}% 69
\BOOKMARK [2][-]{subsection.3.3.7}{\376\377\0003\000.\0003\000.\0007\000\040\000A\000r\000t\000e\000f\000a\000c\000t\000o\000s\000,\000\040\000p\000r\000o\000d\000u\000c\000t\000o\000s\000\040\000d\000e\000\040\000t\000r\000a\000b\000a\000j\000o\000\040\000y\000\040\000c\000r\000i\000t\000e\000r\000i\000o\000s\000\040\000d\000e\000\040\000s\000a\000l\000i\000d\000a}{section.3.3}% 70
\BOOKMARK [1][-]{section.3.4}{\376\377\0003\000.\0004\000\040\000V\000a\000l\000i\000d\000a\000c\000i\000\363\000n\000\040\000d\000e\000\040\000r\000e\000q\000u\000i\000s\000i\000t\000o\000s}{chapter.3}% 71
\BOOKMARK [2][-]{subsection.3.4.1}{\376\377\0003\000.\0004\000.\0001\000\040\000P\000r\000o\000p\000\363\000s\000i\000t\000o}{section.3.4}% 72
\BOOKMARK [2][-]{subsection.3.4.2}{\376\377\0003\000.\0004\000.\0002\000\040\000A\000l\000c\000a\000n\000c\000e\000\040\000y\000\040\000e\000n\000t\000r\000a\000d\000a\000s}{section.3.4}% 73
\BOOKMARK [2][-]{subsection.3.4.3}{\376\377\0003\000.\0004\000.\0003\000\040\000T\000a\000r\000e\000a\000s\000,\000\040\000t\000\351\000c\000n\000i\000c\000a\000s\000\040\000y\000\040\000c\000r\000i\000t\000e\000r\000i\000o\000s\000\040\000d\000e\000\040\000s\000a\000l\000i\000d\000a}{section.3.4}% 74
\BOOKMARK [2][-]{subsection.3.4.4}{\376\377\0003\000.\0004\000.\0004\000\040\000R\000o\000l\000e\000s\000\040\000i\000n\000v\000o\000l\000u\000c\000r\000a\000d\000o\000s}{section.3.4}% 75
\BOOKMARK [2][-]{subsection.3.4.5}{\376\377\0003\000.\0004\000.\0005\000\040\000A\000r\000t\000e\000f\000a\000c\000t\000o\000s\000\040\000y\000\040\000p\000r\000o\000d\000u\000c\000t\000o\000s\000\040\000d\000e\000\040\000t\000r\000a\000b\000a\000j\000o}{section.3.4}% 76
\BOOKMARK [1][-]{section.3.5}{\376\377\0003\000.\0005\000\040\000E\000l\000e\000m\000e\000n\000t\000o\000s\000\040\000t\000r\000a\000n\000s\000v\000e\000r\000s\000a\000l\000e\000s}{chapter.3}% 77
\BOOKMARK [0][-]{chapter.4}{\376\377\0004\000\040\000I\000n\000g\000e\000n\000i\000e\000r\000\355\000a\000\040\000d\000e\000\040\000m\000\351\000t\000o\000d\000o\000s\000\040\000s\000i\000t\000u\000a\000c\000i\000o\000n\000a\000l\000\040\000y\000\040\000a\000d\000a\000p\000t\000a\000c\000i\000\363\000n\000\040\000d\000e\000\040\000T\000H\000U\000N\000D\000E\000R\000S}{}% 78
\BOOKMARK [1][-]{section.4.1}{\376\377\0004\000.\0001\000\040\000G\000e\000n\000e\000r\000a\000l\000i\000d\000a\000d\000e\000s}{chapter.4}% 79
\BOOKMARK [1][-]{section.4.2}{\376\377\0004\000.\0002\000\040\000M\000e\000t\000o\000d\000o\000l\000o\000g\000\355\000a\000\040\000d\000e\000\040\000i\000n\000v\000e\000s\000t\000i\000g\000a\000c\000i\000\363\000n}{chapter.4}% 80
\BOOKMARK [1][-]{section.4.3}{\376\377\0004\000.\0003\000\040\000A\000n\000\341\000l\000i\000s\000i\000s\000\040\000d\000e\000l\000\040\000p\000r\000o\000c\000e\000s\000o\000\040\000T\000H\000U\000N\000D\000E\000R\000S}{chapter.4}% 81
\BOOKMARK [1][-]{section.4.4}{\376\377\0004\000.\0004\000\040\000R\000e\000v\000i\000s\000i\000\363\000n\000\040\000d\000e\000\040\000m\000\351\000t\000o\000d\000o\000s\000\040\000d\000e\000\040\000a\000d\000a\000p\000t\000a\000c\000i\000\363\000n\000\040\000d\000e\000\040\000p\000r\000o\000c\000e\000s\000o\000s}{chapter.4}% 82
\BOOKMARK [2][-]{subsection.4.4.1}{\376\377\0004\000.\0004\000.\0001\000\040\000I\000n\000g\000e\000n\000i\000e\000r\000\355\000a\000\040\000d\000e\000\040\000M\000\351\000t\000o\000d\000o\000s\000\040\000S\000i\000t\000u\000a\000c\000i\000o\000n\000a\000l\000e\000s}{section.4.4}% 83
\BOOKMARK [2][-]{subsection.4.4.2}{\376\377\0004\000.\0004\000.\0002\000\040\000M\000e\000t\000h\000o\000d\000\040\000f\000r\000a\000g\000m\000e\000n\000t\000s\000\040\000y\000\040\000m\000e\000t\000h\000o\000d\000\040\000c\000h\000u\000n\000k\000s}{section.4.4}% 84
\BOOKMARK [2][-]{subsection.4.4.3}{\376\377\0004\000.\0004\000.\0003\000\040\000S\000o\000f\000t\000w\000a\000r\000e\000\040\000p\000r\000o\000c\000e\000s\000s\000\040\000t\000a\000i\000l\000o\000r\000i\000n\000g}{section.4.4}% 85
\BOOKMARK [2][-]{subsection.4.4.4}{\376\377\0004\000.\0004\000.\0004\000\040\000S\000o\000f\000t\000w\000a\000r\000e\000\040\000p\000r\000o\000c\000e\000s\000s\000\040\000l\000i\000n\000e\000s}{section.4.4}% 86
\BOOKMARK [2][-]{subsection.4.4.5}{\376\377\0004\000.\0004\000.\0005\000\040\000A\000d\000a\000p\000t\000a\000c\000i\000\363\000n\000\040\000\341\000g\000i\000l\000\040\000b\000a\000s\000a\000d\000a\000\040\000e\000n\000\040\000c\000o\000n\000t\000e\000x\000t\000o}{section.4.4}% 87
\BOOKMARK [1][-]{section.4.5}{\376\377\0004\000.\0005\000\040\000C\000o\000m\000p\000a\000r\000a\000c\000i\000\363\000n\000\040\000d\000e\000\040\000e\000n\000f\000o\000q\000u\000e\000s\000\040\000d\000e\000\040\000a\000d\000a\000p\000t\000a\000c\000i\000\363\000n}{chapter.4}% 88
\BOOKMARK [1][-]{section.4.6}{\376\377\0004\000.\0006\000\040\000M\000\351\000t\000o\000d\000o\000\040\000s\000e\000l\000e\000c\000c\000i\000o\000n\000a\000d\000o}{chapter.4}% 89
\BOOKMARK [1][-]{section.4.7}{\376\377\0004\000.\0007\000\040\000D\000e\000c\000i\000s\000i\000o\000n\000e\000s\000\040\000d\000e\000\040\000a\000d\000a\000p\000t\000a\000c\000i\000\363\000n\000\040\000y\000\040\000t\000r\000a\000z\000a\000b\000i\000l\000i\000d\000a\000d\000\040\000c\000o\000n\000\040\000T\000H\000U\000N\000D\000E\000R\000S}{chapter.4}% 90
\BOOKMARK [2][-]{subsection.4.7.1}{\376\377\0004\000.\0007\000.\0001\000\040\000C\000r\000i\000t\000e\000r\000i\000o\000s\000\040\000d\000e\000\040\000d\000e\000c\000i\000s\000i\000\363\000n\000\040\000d\000e\000\040\000a\000d\000a\000p\000t\000a\000c\000i\000\363\000n}{section.4.7}% 91
\BOOKMARK [0][-]{chapter.5}{\376\377\0005\000\040\000T\000H\000U\000N\000D\000E\000R\000S\000-\000M\000a\000s\000t\000e\000r\000\040\000c\000o\000m\000o\000\040\000p\000r\000o\000c\000e\000s\000o\000\040\000o\000p\000e\000r\000a\000t\000i\000v\000o}{}% 92
\BOOKMARK [1][-]{section.5.1}{\376\377\0005\000.\0001\000\040\000G\000e\000n\000e\000r\000a\000l\000i\000d\000a\000d\000e\000s}{chapter.5}% 93
\BOOKMARK [1][-]{section.5.2}{\376\377\0005\000.\0002\000\040\000E\000n\000c\000a\000j\000e\000\040\000d\000e\000\040\000T\000H\000U\000N\000D\000E\000R\000S\000-\000M\000a\000s\000t\000e\000r\000\040\000e\000n\000\040\000m\000a\000r\000c\000o\000s\000\040\000\341\000g\000i\000l\000e\000s}{chapter.5}% 94
\BOOKMARK [1][-]{section.5.3}{\376\377\0005\000.\0003\000\040\000R\000e\000q\000u\000i\000s\000i\000t\000o\000s\000\040\000d\000e\000l\000\040\000m\000\351\000t\000o\000d\000o}{chapter.5}% 95
\BOOKMARK [1][-]{section.5.4}{\376\377\0005\000.\0004\000\040\000F\000a\000s\000e\000\040\0001\000:\000\040\000B\000e\000g\000i\000n\000n\000i\000n\000g\000\040\000/\000\040\000P\000r\000e\000p\000a\000r\000a\000r}{chapter.5}% 96
\BOOKMARK [1][-]{section.5.5}{\376\377\0005\000.\0005\000\040\000F\000a\000s\000e\000\040\0002\000:\000\040\000D\000e\000v\000e\000l\000o\000p\000i\000n\000g\000\040\000/\000\040\000C\000o\000n\000s\000t\000r\000u\000i\000r}{chapter.5}% 97
\BOOKMARK [1][-]{section.5.6}{\376\377\0005\000.\0006\000\040\000F\000a\000s\000e\000\040\0003\000:\000\040\000M\000e\000a\000s\000u\000r\000i\000n\000g\000\040\000/\000\040\000V\000a\000l\000i\000d\000a\000r\000\040\000y\000\040\000c\000e\000r\000r\000a\000r}{chapter.5}% 98
\BOOKMARK [1][-]{section.5.7}{\376\377\0005\000.\0007\000\040\000R\000o\000l\000e\000s\000\040\000y\000\040\000r\000e\000s\000p\000o\000n\000s\000a\000b\000i\000l\000i\000d\000a\000d\000e\000s}{chapter.5}% 99
\BOOKMARK [1][-]{section.5.8}{\376\377\0005\000.\0008\000\040\000A\000r\000t\000e\000f\000a\000c\000t\000o\000s\000\040\000m\000\355\000n\000i\000m\000o\000s\000\040\000y\000\040\000e\000v\000i\000d\000e\000n\000c\000i\000a\000\040\000o\000b\000s\000e\000r\000v\000a\000b\000l\000e}{chapter.5}% 100
\BOOKMARK [1][-]{section.5.9}{\376\377\0005\000.\0009\000\040\000V\000a\000r\000i\000a\000b\000i\000l\000i\000d\000a\000d\000\040\000c\000o\000n\000t\000e\000x\000t\000u\000a\000l\000\040\000y\000\040\000c\000r\000i\000t\000e\000r\000i\000o\000s\000\040\000d\000e\000\040\000a\000c\000t\000i\000v\000a\000c\000i\000\363\000n}{chapter.5}% 101
\BOOKMARK [1][-]{section.5.10}{\376\377\0005\000.\0001\0000\000\040\000E\000s\000t\000a\000d\000o\000\040\000d\000e\000\040\000m\000a\000d\000u\000r\000e\000z\000\040\000y\000\040\000e\000v\000o\000l\000u\000c\000i\000\363\000n\000\040\000d\000e\000l\000\040\000p\000r\000o\000c\000e\000s\000o}{chapter.5}% 102
\BOOKMARK [0][-]{chapter.6}{\376\377\0006\000\040\000E\000v\000a\000l\000u\000a\000c\000i\000\363\000n\000\040\000d\000e\000\040\000T\000H\000U\000N\000D\000E\000R\000S\000-\000M\000a\000s\000t\000e\000r}{}% 103
\BOOKMARK [1][-]{section.6.1}{\376\377\0006\000.\0001\000\040\000G\000e\000n\000e\000r\000a\000l\000i\000d\000a\000d\000e\000s}{chapter.6}% 104
\BOOKMARK [1][-]{section.6.2}{\376\377\0006\000.\0002\000\040\000P\000l\000a\000n\000\040\000d\000e\000\040\000e\000v\000a\000l\000u\000a\000c\000i\000\363\000n\000\040\000b\000a\000s\000a\000d\000o\000\040\000e\000n\000\040\000G\000Q\000M}{chapter.6}% 105
\BOOKMARK [1][-]{section.6.3}{\376\377\0006\000.\0003\000\040\000E\000s\000t\000r\000a\000t\000e\000g\000i\000a\000\040\000d\000e\000\040\000e\000v\000a\000l\000u\000a\000c\000i\000\363\000n}{chapter.6}% 106
\BOOKMARK [1][-]{section.6.4}{\376\377\0006\000.\0004\000\040\000D\000i\000s\000e\000\361\000o\000\040\000d\000e\000l\000\040\000e\000s\000t\000u\000d\000i\000o\000\040\000d\000e\000\040\000c\000a\000s\000o\000\040\000e\000n\000\040\000c\000o\000n\000t\000e\000x\000t\000o\000\040\000a\000g\000r\000\355\000c\000o\000l\000a}{chapter.6}% 107
\BOOKMARK [1][-]{section.6.5}{\376\377\0006\000.\0005\000\040\000V\000a\000l\000i\000d\000a\000c\000i\000\363\000n\000\040\000p\000o\000r\000\040\000e\000x\000p\000e\000r\000t\000o\000s}{chapter.6}% 108
\BOOKMARK [1][-]{section.6.6}{\376\377\0006\000.\0006\000\040\000W\000a\000l\000k\000t\000h\000r\000o\000u\000g\000h\000\040\000m\000e\000t\000o\000d\000o\000l\000\363\000g\000i\000c\000o}{chapter.6}% 109
\BOOKMARK [1][-]{section.6.7}{\376\377\0006\000.\0007\000\040\000R\000e\000s\000u\000l\000t\000a\000d\000o\000s\000\040\000d\000e\000l\000\040\000p\000i\000l\000o\000t\000a\000j\000e\000\040\000e\000n\000\040\000c\000o\000n\000t\000e\000x\000t\000o\000\040\000a\000g\000r\000\355\000c\000o\000l\000a}{chapter.6}% 110
\BOOKMARK [1][-]{section.6.8}{\376\377\0006\000.\0008\000\040\000A\000n\000\341\000l\000i\000s\000i\000s\000\040\000d\000e\000\040\000r\000e\000s\000u\000l\000t\000a\000d\000o\000s\000\040\000y\000\040\000l\000e\000c\000c\000i\000o\000n\000e\000s\000\040\000a\000p\000r\000e\000n\000d\000i\000d\000a\000s}{chapter.6}% 111
\BOOKMARK [0][-]{chapter.7}{\376\377\0007\000\040\000C\000o\000n\000c\000l\000u\000s\000i\000o\000n\000e\000s\000\040\000y\000\040\000t\000r\000a\000b\000a\000j\000o\000\040\000f\000u\000t\000u\000r\000o}{}% 112
\BOOKMARK [1][-]{section.7.1}{\376\377\0007\000.\0001\000\040\000G\000e\000n\000e\000r\000a\000l\000i\000d\000a\000d\000e\000s}{chapter.7}% 113
\BOOKMARK [1][-]{section.7.2}{\376\377\0007\000.\0002\000\040\000C\000o\000n\000c\000l\000u\000s\000i\000o\000n\000e\000s}{chapter.7}% 114
\BOOKMARK [1][-]{section.7.3}{\376\377\0007\000.\0003\000\040\000C\000o\000n\000t\000r\000i\000b\000u\000c\000i\000o\000n\000e\000s}{chapter.7}% 115
\BOOKMARK [1][-]{section.7.4}{\376\377\0007\000.\0004\000\040\000L\000i\000m\000i\000t\000a\000c\000i\000o\000n\000e\000s}{chapter.7}% 116
\BOOKMARK [1][-]{section.7.5}{\376\377\0007\000.\0005\000\040\000T\000r\000a\000b\000a\000j\000o\000\040\000f\000u\000t\000u\000r\000o}{chapter.7}% 117
\BOOKMARK [1][-]{section.7.6}{\376\377\0007\000.\0006\000\040\000P\000r\000o\000d\000u\000c\000t\000o\000s\000\040\000d\000e\000\040\000i\000n\000v\000e\000s\000t\000i\000g\000a\000c\000i\000\363\000n}{chapter.7}% 118
\BOOKMARK [0][-]{chapter*.15}{\376\377\000B\000i\000b\000l\000i\000o\000g\000r\000a\000f\000\355\000a}{}% 119
